
> emts-frontend@1.0.0 build
> next build

  Γû▓ Next.js 14.2.35
  - Environments: .env.local

   Creating an optimized production build ...
 Γ£ô Compiled successfully
   Linting and checking validity of types ...
   Collecting page data ...
   Generating static pages (0/54) ...
   Generating static pages (13/54) 
   Generating static pages (26/54) 
   Generating static pages (40/54) 
 Γ£ô Generating static pages (54/54)
   Finalizing page optimization ...
   Collecting build traces ...

Route (app)                              Size     First Load JS
Γöî Γùï /                                    179 B          96.6 kB
Γö£ Γùï /_not-found                          880 B          88.6 kB
Γö£ Γùï /accounting                          1.57 kB         172 kB
Γö£ Γùï /accounting/chart-of-accounts        3.15 kB         184 kB
Γö£ Γùï /accounting/coa                      3.85 kB         401 kB
Γö£ Γùï /accounting/journal                  7.84 kB         401 kB
Γö£ Γùï /accounting/journal-entries          3.17 kB         185 kB
Γö£ Γùï /accounting/ledger                   4.16 kB         397 kB
Γö£ Γùï /accounting/reports                  2.17 kB         173 kB
Γö£ Γùï /accounting/reports/balance-sheet    2.28 kB         173 kB
Γö£ Γùï /accounting/reports/cash-flow        2.36 kB         173 kB
Γö£ Γùï /accounting/reports/profit-loss      2.37 kB         173 kB
Γö£ Γùï /accounting/reports/trial-balance    2.12 kB         172 kB
Γö£ Γùï /approval-center                     3.4 kB          174 kB
Γö£ Γùï /approvals                           6.4 kB          177 kB
Γö£ Γùï /attendance                          3.77 kB         390 kB
Γö£ Γùï /attendance/check-in                 2.93 kB         173 kB
Γö£ Γùï /attendance/check-out                3.02 kB         173 kB
Γö£ Γùï /audit-logs                          2.16 kB         173 kB
Γö£ Γùï /cash-flow                           2.66 kB         173 kB
Γö£ Γùï /cash-flow/large-cash                3.05 kB         180 kB
Γö£ Γùï /cash-flow/petty-cash                1.78 kB         172 kB
Γö£ Γùï /clients                             9.05 kB         402 kB
Γö£ Γùï /dashboard                           732 B            91 kB
Γö£ Γùï /dashboard/accounting                3.71 kB         282 kB
Γö£ Γùï /dashboard/admin                     2.25 kB         173 kB
Γö£ Γùï /dashboard/director                  4.21 kB         282 kB
Γö£ Γùï /dashboard/employee                  3.67 kB         282 kB
Γö£ Γùï /dashboard/manager                   3.03 kB         274 kB
Γö£ Γùï /employees                           4.32 kB         175 kB
Γö£ Γùï /finance/large-cash                  4.1 kB          186 kB
Γö£ Γùï /finance/petty-cash                  7.12 kB         184 kB
Γö£ Γùï /forgot-password                     3.75 kB         135 kB
Γö£ Γùï /hr/employees                        6.64 kB         404 kB
Γö£ Γùï /hr/leave-requests                   7.96 kB         401 kB
Γö£ Γùï /hr/overtime                         7.87 kB         401 kB
Γö£ Γùï /hr/payroll                          7.23 kB         185 kB
Γö£ Γùï /license/activate                    5.07 kB         136 kB
Γö£ Γùï /login                               6.61 kB         132 kB
Γö£ Γùï /projects                            9.25 kB         395 kB
Γö£ ╞Æ /projects/[id]                       5.11 kB         180 kB
Γö£ ╞Æ /projects/[id]/budget                2.54 kB         173 kB
Γö£ ╞Æ /projects/[id]/progress              5.47 kB         176 kB
Γö£ ╞Æ /projects/[id]/timeline              3.44 kB         181 kB
Γö£ Γùï /projects/field-monitoring           7.62 kB         189 kB
Γö£ Γùï /register                            4.82 kB         110 kB
Γö£ Γùï /reset-password                      3.85 kB         135 kB
Γö£ Γùï /settings/financial-policy           3.36 kB         178 kB
Γö£ Γùï /settings/licenses                   5.82 kB         183 kB
Γö£ Γùï /settings/permissions                6.58 kB         184 kB
Γö£ Γùï /settings/registrations              5.55 kB         183 kB
Γö£ Γùï /settings/roles                      8.45 kB         186 kB
Γö£ Γùï /settings/users                      4.66 kB         402 kB
Γö£ Γùï /users                               3.53 kB         185 kB
Γö£ Γùï /users/permissions                   1.8 kB          172 kB
Γöö Γùï /users/roles                         1.98 kB         172 kB
+ First Load JS shared by all            87.7 kB
  Γö£ chunks/2117-8c8dbd466c074ae5.js      31.9 kB
  Γö£ chunks/fd9d1056-0f876a8db13e1936.js  53.6 kB
  Γöö other shared chunks (total)          2.15 kB


Γùï  (Static)   prerendered as static content
╞Æ  (Dynamic)  server-rendered on demand

